// Jest Snapshot v1, https://goo.gl/fbAQLP

exports[`Car detail page Should render the proper details page for a car 1`] = `
Object {
  "asFragment": [Function],
  "baseElement": <body>
    <div>
      <div
        class="overflow-auto mx-auto px-4 py-5 bg-gray-200 rounded"
      >
        <div
          class="md:flex"
        >
          <div
            class="mr-4"
          >
            <h1
              class="text-4xl text-black font-bold self-end justify-self-start font-osans pl-2 mb-12 border-l-4 border-amber-500"
            />
            <img
              alt="Modern building architecture"
              class="w-[1000px] min-w-[270px] rounded-lg object-cover self-stretch"
            />
          </div>
          <div
            class="flex flex-col"
          >
            <div
              class="mx-auto mt-2 text-2xl text-black font-bold self-end justify-self-start font-osans bg-amber-300 px-6 py-2 max-w-fit rounded"
            >
              $
              <sub
                class="font-features subs font-normal"
              >
                /per day
              </sub>
            </div>
            <p
              class="text-xs text-black font-light text-center"
            >
              Included Taxes and Checkup
            </p>
            <div
              class="text-black bg-white border border-gray-200 p-3 my-2 drop-shadow"
            >
              <h2
                class="text-xl border-l-2 border-amber-500 font-bold p-1 mb-4 bg-amber-50"
              >
                SPECIFICATIONS
              </h2>
              <p
                class=""
              >
                <span
                  class="font-semibold "
                >
                  Make:
                </span>
                 
              </p>
              <p
                class="text-gray "
              >
                <span
                  class="font-semibold "
                >
                  Model:
                </span>
                 
              </p>
              <p
                class="text-gray text-base max-w-[420px] true"
              >
                <span
                  class="font-semibold"
                >
                  Description:
                </span>
                 
              </p>
            </div>
            <button
              class="my-3 mx-auto self-center"
              type="button"
            >
              <span
                class="text-black font-bold bg-amber-500 border px-4  hover:bg-amber-600 py-3 rounded-sm my-2"
              >
                Reserve
              </span>
            </button>
          </div>
        </div>
      </div>
    </div>
  </body>,
  "container": <div>
    <div
      class="overflow-auto mx-auto px-4 py-5 bg-gray-200 rounded"
    >
      <div
        class="md:flex"
      >
        <div
          class="mr-4"
        >
          <h1
            class="text-4xl text-black font-bold self-end justify-self-start font-osans pl-2 mb-12 border-l-4 border-amber-500"
          />
          <img
            alt="Modern building architecture"
            class="w-[1000px] min-w-[270px] rounded-lg object-cover self-stretch"
          />
        </div>
        <div
          class="flex flex-col"
        >
          <div
            class="mx-auto mt-2 text-2xl text-black font-bold self-end justify-self-start font-osans bg-amber-300 px-6 py-2 max-w-fit rounded"
          >
            $
            <sub
              class="font-features subs font-normal"
            >
              /per day
            </sub>
          </div>
          <p
            class="text-xs text-black font-light text-center"
          >
            Included Taxes and Checkup
          </p>
          <div
            class="text-black bg-white border border-gray-200 p-3 my-2 drop-shadow"
          >
            <h2
              class="text-xl border-l-2 border-amber-500 font-bold p-1 mb-4 bg-amber-50"
            >
              SPECIFICATIONS
            </h2>
            <p
              class=""
            >
              <span
                class="font-semibold "
              >
                Make:
              </span>
               
            </p>
            <p
              class="text-gray "
            >
              <span
                class="font-semibold "
              >
                Model:
              </span>
               
            </p>
            <p
              class="text-gray text-base max-w-[420px] true"
            >
              <span
                class="font-semibold"
              >
                Description:
              </span>
               
            </p>
          </div>
          <button
            class="my-3 mx-auto self-center"
            type="button"
          >
            <span
              class="text-black font-bold bg-amber-500 border px-4  hover:bg-amber-600 py-3 rounded-sm my-2"
            >
              Reserve
            </span>
          </button>
        </div>
      </div>
    </div>
  </div>,
  "debug": [Function],
  "findAllByAltText": [Function],
  "findAllByDisplayValue": [Function],
  "findAllByLabelText": [Function],
  "findAllByPlaceholderText": [Function],
  "findAllByRole": [Function],
  "findAllByTestId": [Function],
  "findAllByText": [Function],
  "findAllByTitle": [Function],
  "findByAltText": [Function],
  "findByDisplayValue": [Function],
  "findByLabelText": [Function],
  "findByPlaceholderText": [Function],
  "findByRole": [Function],
  "findByTestId": [Function],
  "findByText": [Function],
  "findByTitle": [Function],
  "getAllByAltText": [Function],
  "getAllByDisplayValue": [Function],
  "getAllByLabelText": [Function],
  "getAllByPlaceholderText": [Function],
  "getAllByRole": [Function],
  "getAllByTestId": [Function],
  "getAllByText": [Function],
  "getAllByTitle": [Function],
  "getByAltText": [Function],
  "getByDisplayValue": [Function],
  "getByLabelText": [Function],
  "getByPlaceholderText": [Function],
  "getByRole": [Function],
  "getByTestId": [Function],
  "getByText": [Function],
  "getByTitle": [Function],
  "queryAllByAltText": [Function],
  "queryAllByDisplayValue": [Function],
  "queryAllByLabelText": [Function],
  "queryAllByPlaceholderText": [Function],
  "queryAllByRole": [Function],
  "queryAllByTestId": [Function],
  "queryAllByText": [Function],
  "queryAllByTitle": [Function],
  "queryByAltText": [Function],
  "queryByDisplayValue": [Function],
  "queryByLabelText": [Function],
  "queryByPlaceholderText": [Function],
  "queryByRole": [Function],
  "queryByTestId": [Function],
  "queryByText": [Function],
  "queryByTitle": [Function],
  "rerender": [Function],
  "unmount": [Function],
}
`;
